ï¿½ets Jul 29 2019 12:21:46

rst:0x1 (POWERON_RESET),boot:0x13 (SPI_FAST_FLASH_BOOT)
configsip: 0, SPIWP:0xee
clk_drv:0x00,q_drv:0x00,d_drv:0x00,cs0_drv:0x00,hd_drv:0x00,wp_drv:0x00
mode:DIO, clock div:1
load:0x3fff0030,len:6592
load:0x40078000,len:16676
ho 0 tail 12 room 4
load:0x40080400,len:4
load:0x40080404,len:4268
entry 0x40080658
[0;32mI (31) boot: ESP-IDF v5.4-dev-3602-ga97a7b0962 2nd stage bootloader[0m
[0;32mI (31) boot: compile time Oct 24 2024 19:56:56[0m
[0;32mI (31) boot: Multicore bootloader[0m
[0;32mI (34) boot: chip revision: v3.1[0m
[0;32mI (37) qio_mode: Enabling default flash chip QIO[0m
[0;32mI (41) boot.esp32: SPI Speed      : 80MHz[0m
[0;32mI (45) boot.esp32: SPI Mode       : QIO[0m
[0;32mI (49) boot.esp32: SPI Flash Size : 4MB[0m
[0;32mI (52) boot: Enabling RNG early entropy source...[0m
[0;32mI (57) boot: Partition Table:[0m
[0;32mI (59) boot: ## Label            Usage          Type ST Offset   Length[0m
[0;32mI (66) boot:  0 nvs              WiFi data        01 02 00009000 00006000[0m
[0;32mI (72) boot:  1 phy_init         RF data          01 01 0000f000 00001000[0m
[0;32mI (79) boot:  2 factory          factory app      00 00 00010000 00300000[0m
[0;32mI (85) boot: End of partition table[0m
[0;32mI (88) esp_image: segment 0: paddr=00010020 vaddr=3f400020 size=1b3c30h (1784880) map[0m
[0;32mI (552) esp_image: segment 1: paddr=001c3c58 vaddr=3ff80000 size=00018h (    24) load[0m
[0;32mI (552) esp_image: segment 2: paddr=001c3c78 vaddr=3ffb0000 size=0347ch ( 13436) load[0m
[0;32mI (559) esp_image: segment 3: paddr=001c70fc vaddr=40080000 size=08f1ch ( 36636) load[0m
[0;32mI (574) esp_image: segment 4: paddr=001d0020 vaddr=400d0020 size=34e60h (216672) map[0m
[0;32mI (630) esp_image: segment 5: paddr=00204e88 vaddr=40088f1c size=07654h ( 30292) load[0m
[0;32mI (647) boot: Loaded app from partition at offset 0x10000[0m
[0;32mI (647) boot: Disabling RNG early entropy source...[0m
[0;32mI (657) quad_psram: This chip is ESP32-D0WD[0m
[0;32mI (658) esp_psram: Found 8MB PSRAM device[0m
[0;32mI (658) esp_psram: Speed: 80MHz[0m
[0;32mI (658) esp_psram: PSRAM initialized, cache is in low/high (2-core) mode.[0m
[0;33mW (665) esp_psram: Virtual address not enough for PSRAM, map as much as we can. 4MB is mapped[0m
[0;32mI (673) cpu_start: Multicore app[0m
[0;32mI (1143) esp_psram: SPI SRAM memory test OK[0m
[0;32mI (1151) cpu_start: Pro cpu start user code[0m
[0;32mI (1151) cpu_start: cpu freq: 240000000 Hz[0m
[0;32mI (1151) app_init: Application information:[0m
[0;32mI (1151) app_init: Project name:     person_detection[0m
[0;32mI (1156) app_init: App version:      1[0m
[0;32mI (1159) app_init: Compile time:     Oct 24 2024 19:57:09[0m
[0;32mI (1164) app_init: ELF file SHA256:  f65843f85...[0m
[0;32mI (1169) app_init: ESP-IDF:          v5.4-dev-3602-ga97a7b0962[0m
[0;32mI (1174) efuse_init: Min chip rev:     v0.0[0m
[0;32mI (1178) efuse_init: Max chip rev:     v3.99 [0m
[0;32mI (1182) efuse_init: Chip rev:         v3.1[0m
[0;32mI (1186) heap_init: Initializing. RAM available for dynamic allocation:[0m
[0;32mI (1193) heap_init: At 3FFAE6E0 len 00001920 (6 KiB): DRAM[0m
[0;32mI (1198) heap_init: At 3FFB4908 len 0002B6F8 (173 KiB): DRAM[0m
[0;32mI (1203) heap_init: At 3FFE0440 len 00003AE0 (14 KiB): D/IRAM[0m
[0;32mI (1209) heap_init: At 3FFE4350 len 0001BCB0 (111 KiB): D/IRAM[0m
[0;32mI (1214) heap_init: At 40090570 len 0000FA90 (62 KiB): IRAM[0m
[0;32mI (1220) esp_psram: Adding pool of 4096K of PSRAM memory to heap allocator[0m
[0;32mI (1227) spi_flash: detected chip: generic[0m
[0;32mI (1230) spi_flash: flash io: qio[0m
[0;32mI (1233) main_task: Started on CPU0[0m
[0;32mI (1243) main_task: Calling app_main()[0m
[0;32mI (1243) UART: Configuring UART parameters...[0m
[0;32mI (1243) UART: Setting UART pins...[0m
[0;32mI (1243) UART: UART driver is not installed.[0m
[0;32mI (1243) UART: Installing UART driver...[0m
[0;32mI (1253) UART: UART initialized successfully.[0m
Total heap size: 4507560
Free heap size: 4481216
Free PSRAM size: 4188212
Free heap size after allocation: 4300988
Free PSRAM size after allocation: 4007984
[0;32mI (1273) gpio: GPIO[25]| InputEn: 1| OutputEn: 0| OpenDrain: 0| Pullup: 1| Pulldown: 0| Intr:2 [0m
[0;32mI (1273) cam_hal: cam init ok[0m
[0;32mI (1283) sccb-ng: pin_sda 26 pin_scl 27[0m
[0;32mI (1283) sccb-ng: sccb_i2c_port=1[0m
[0;32mI (1283) gpio: GPIO[26]| InputEn: 1| OutputEn: 1| OpenDrain: 1| Pullup: 1| Pulldown: 0| Intr:0 [0m
[0;32mI (1293) gpio: GPIO[27]| InputEn: 1| OutputEn: 1| OpenDrain: 1| Pullup: 1| Pulldown: 0| Intr:0 [0m
[0;32mI (1303) gpio: GPIO[32]| InputEn: 0| OutputEn: 1| OpenDrain: 0| Pullup: 0| Pulldown: 0| Intr:0 [0m
[0;32mI (1343) camera: Detected camera at address=0x30[0m
[0;32mI (1343) camera: Detected OV2640 camera[0m
[0;32mI (1343) camera: Camera PID=0x26 VER=0x42 MIDL=0x7f MIDH=0xa2[0m
